---
source: examples/examples/spread.rs
expression: result.data
---
Some(
    FilmDirectorQuery {
        film: Some(
            Film {
                id: Id(
                    "ZmlsbXM6MQ==",
                ),
                details: FilmDetails {
                    title: Some(
                        "A New Hope",
                    ),
                    director: Some(
                        "George Lucas",
                    ),
                },
                more_details: FilmMoreDetails {
                    release_date: Some(
                        "1977-05-25",
                    ),
                },
                producers: Some(
                    [
                        Some(
                            "Gary Kurtz",
                        ),
                        Some(
                            "Rick McCallum",
                        ),
                    ],
                ),
            },
        ),
    },
)
